This file contains any messages produced by compilers while
running configure, to aid debugging if configure makes a mistake.

It was created by scidx configure 1.0.0, which was
generated by GNU Autoconf 2.71.  Invocation command line was

  $ ./configure

## --------- ##
## Platform. ##
## --------- ##

hostname = rapids
uname -m = x86_64
uname -r = 5.15.0-106-generic
uname -s = Linux
uname -v = #116-Ubuntu SMP Wed Apr 17 09:17:56 UTC 2024

/usr/bin/uname -p = x86_64
/bin/uname -X     = unknown

/bin/arch              = x86_64
/usr/bin/arch -k       = unknown
/usr/convex/getsysinfo = unknown
/usr/bin/hostinfo      = unknown
/bin/machine           = unknown
/usr/bin/oslevel       = unknown
/bin/universe          = unknown

PATH: /home/nyan1/gnuplot-5.2.7/bin/
PATH: /home/nyan1/qcat/bin/
PATH: /home/nyan1/SZ3/bin/
PATH: /home/nyan1/zstd/bin/
PATH: /home/nyan1/SZ/bin/
PATH: /usr/local/bin/
PATH: /bin/
PATH: /usr/bin/
PATH: /home/nyan1/mpi_install/bin/
PATH: /home/nyan1/apps/bin/
PATH: /home/nyan1/.vscode-server/cli/servers/Stable-f1e16e1e6214d7c44d078b1f0607b2388f29d729/server/bin/remote-cli/
PATH: /home/nyan1/bin/
PATH: /home/nyan1/gnuplot-5.2.7/bin/
PATH: /home/nyan1/qcat/bin/
PATH: /home/nyan1/SZ3/bin/
PATH: /home/nyan1/zstd/bin/
PATH: /home/nyan1/SZ/bin/
PATH: /usr/local/bin/
PATH: /bin/
PATH: /usr/bin/
PATH: /home/nyan1/mpi_install/bin/
PATH: /home/nyan1/apps/bin/
PATH: /usr/local/sbin/
PATH: /usr/local/bin/
PATH: /usr/sbin/
PATH: /usr/bin/
PATH: /sbin/
PATH: /bin/
PATH: /usr/games/
PATH: /usr/local/games/
PATH: /snap/bin/
PATH: /home/nyan1/code/qcat/examples/
PATH: /home/nyan1/code/qcat/examples/


## ----------- ##
## Core tests. ##
## ----------- ##

configure:2916: looking for aux files: config.guess config.sub ltmain.sh ar-lib compile missing install-sh
configure:2929:  trying ./
configure:2958:   ./config.guess found
configure:2958:   ./config.sub found
configure:2958:   ./ltmain.sh found
configure:2958:   ./ar-lib found
configure:2958:   ./compile found
configure:2958:   ./missing found
configure:2940:   ./install-sh found
configure:3087: checking for a BSD-compatible install
configure:3160: result: /bin/install -c
configure:3171: checking whether build environment is sane
configure:3226: result: yes
configure:3385: checking for a race-free mkdir -p
configure:3429: result: /bin/mkdir -p
configure:3436: checking for gawk
configure:3457: found /bin/gawk
configure:3468: result: gawk
configure:3479: checking whether make sets $(MAKE)
configure:3502: result: yes
configure:3532: checking whether make supports nested variables
configure:3550: result: yes
configure:3762: checking for g++
configure:3783: found /bin/g++
configure:3794: result: g++
configure:3821: checking for C++ compiler version
configure:3830: g++ --version >&5
g++ (Ubuntu 11.4.0-1ubuntu1~22.04) 11.4.0
Copyright (C) 2021 Free Software Foundation, Inc.
This is free software; see the source for copying conditions.  There is NO
warranty; not even for MERCHANTABILITY or FITNESS FOR A PARTICULAR PURPOSE.

configure:3841: $? = 0
configure:3830: g++ -v >&5
Using built-in specs.
COLLECT_GCC=g++
COLLECT_LTO_WRAPPER=/usr/lib/gcc/x86_64-linux-gnu/11/lto-wrapper
OFFLOAD_TARGET_NAMES=nvptx-none:amdgcn-amdhsa
OFFLOAD_TARGET_DEFAULT=1
Target: x86_64-linux-gnu
Configured with: ../src/configure -v --with-pkgversion='Ubuntu 11.4.0-1ubuntu1~22.04' --with-bugurl=file:///usr/share/doc/gcc-11/README.Bugs --enable-languages=c,ada,c++,go,brig,d,fortran,objc,obj-c++,m2 --prefix=/usr --with-gcc-major-version-only --program-suffix=-11 --program-prefix=x86_64-linux-gnu- --enable-shared --enable-linker-build-id --libexecdir=/usr/lib --without-included-gettext --enable-threads=posix --libdir=/usr/lib --enable-nls --enable-bootstrap --enable-clocale=gnu --enable-libstdcxx-debug --enable-libstdcxx-time=yes --with-default-libstdcxx-abi=new --enable-gnu-unique-object --disable-vtable-verify --enable-plugin --enable-default-pie --with-system-zlib --enable-libphobos-checking=release --with-target-system-zlib=auto --enable-objc-gc=auto --enable-multiarch --disable-werror --enable-cet --with-arch-32=i686 --with-abi=m64 --with-multilib-list=m32,m64,mx32 --enable-multilib --with-tune=generic --enable-offload-targets=nvptx-none=/build/gcc-11-XeT9lY/gcc-11-11.4.0/debian/tmp-nvptx/usr,amdgcn-amdhsa=/build/gcc-11-XeT9lY/gcc-11-11.4.0/debian/tmp-gcn/usr --without-cuda-driver --enable-checking=release --build=x86_64-linux-gnu --host=x86_64-linux-gnu --target=x86_64-linux-gnu --with-build-config=bootstrap-lto-lean --enable-link-serialization=2
Thread model: posix
Supported LTO compression algorithms: zlib zstd
gcc version 11.4.0 (Ubuntu 11.4.0-1ubuntu1~22.04) 
... rest of stderr output deleted ...
configure:3841: $? = 0
configure:3830: g++ -V >&5
g++: error: unrecognized command-line option '-V'
g++: fatal error: no input files
compilation terminated.
configure:3841: $? = 1
configure:3830: g++ -qversion >&5
g++: error: unrecognized command-line option '-qversion'; did you mean '--version'?
g++: fatal error: no input files
compilation terminated.
configure:3841: $? = 1
configure:3861: checking whether the C++ compiler works
configure:3883: g++  -I/home/nyan1/libgd/include -L/home/nyan1/libgd/lib -lgd conftest.cpp  >&5
configure:3887: $? = 0
configure:3937: result: yes
configure:3940: checking for C++ compiler default output file name
configure:3942: result: a.out
configure:3948: checking for suffix of executables
configure:3955: g++ -o conftest  -I/home/nyan1/libgd/include -L/home/nyan1/libgd/lib -lgd conftest.cpp  >&5
configure:3959: $? = 0
configure:3982: result: 
configure:4004: checking whether we are cross compiling
configure:4012: g++ -o conftest  -I/home/nyan1/libgd/include -L/home/nyan1/libgd/lib -lgd conftest.cpp  >&5
configure:4016: $? = 0
configure:4023: ./conftest
configure:4027: $? = 0
configure:4042: result: no
configure:4047: checking for suffix of object files
configure:4070: g++ -c  -I/home/nyan1/libgd/include conftest.cpp >&5
configure:4074: $? = 0
configure:4096: result: o
configure:4100: checking whether the compiler supports GNU C++
configure:4120: g++ -c  -I/home/nyan1/libgd/include conftest.cpp >&5
configure:4120: $? = 0
configure:4130: result: yes
configure:4141: checking whether g++ accepts -g
configure:4162: g++ -c -g -I/home/nyan1/libgd/include conftest.cpp >&5
configure:4162: $? = 0
configure:4206: result: yes
configure:4226: checking for g++ option to enable C++11 features
configure:4241: g++  -c -g -O2 -I/home/nyan1/libgd/include conftest.cpp >&5
conftest.cpp: In function 'int main(int, char**)':
conftest.cpp:177:25: warning: empty parentheses were disambiguated as a function declaration [-Wvexing-parse]
  177 |   cxx11test::delegate d2();
      |                         ^~
conftest.cpp:177:25: note: remove parentheses to default-initialize a variable
  177 |   cxx11test::delegate d2();
      |                         ^~
      |                         --
conftest.cpp:177:25: note: or replace parentheses with braces to value-initialize a variable
configure:4241: $? = 0
configure:4259: result: none needed
configure:4326: checking whether make supports the include directive
configure:4341: make -f confmf.GNU && cat confinc.out
this is the am__doit target
configure:4344: $? = 0
configure:4363: result: yes (GNU style)
configure:4389: checking dependency style of g++
configure:4501: result: gcc3
configure:4578: checking for gcc
configure:4599: found /bin/gcc
configure:4610: result: gcc
configure:4963: checking for C compiler version
configure:4972: gcc --version >&5
gcc (Ubuntu 11.4.0-1ubuntu1~22.04) 11.4.0
Copyright (C) 2021 Free Software Foundation, Inc.
This is free software; see the source for copying conditions.  There is NO
warranty; not even for MERCHANTABILITY or FITNESS FOR A PARTICULAR PURPOSE.

configure:4983: $? = 0
configure:4972: gcc -v >&5
Using built-in specs.
COLLECT_GCC=gcc
COLLECT_LTO_WRAPPER=/usr/lib/gcc/x86_64-linux-gnu/11/lto-wrapper
OFFLOAD_TARGET_NAMES=nvptx-none:amdgcn-amdhsa
OFFLOAD_TARGET_DEFAULT=1
Target: x86_64-linux-gnu
Configured with: ../src/configure -v --with-pkgversion='Ubuntu 11.4.0-1ubuntu1~22.04' --with-bugurl=file:///usr/share/doc/gcc-11/README.Bugs --enable-languages=c,ada,c++,go,brig,d,fortran,objc,obj-c++,m2 --prefix=/usr --with-gcc-major-version-only --program-suffix=-11 --program-prefix=x86_64-linux-gnu- --enable-shared --enable-linker-build-id --libexecdir=/usr/lib --without-included-gettext --enable-threads=posix --libdir=/usr/lib --enable-nls --enable-bootstrap --enable-clocale=gnu --enable-libstdcxx-debug --enable-libstdcxx-time=yes --with-default-libstdcxx-abi=new --enable-gnu-unique-object --disable-vtable-verify --enable-plugin --enable-default-pie --with-system-zlib --enable-libphobos-checking=release --with-target-system-zlib=auto --enable-objc-gc=auto --enable-multiarch --disable-werror --enable-cet --with-arch-32=i686 --with-abi=m64 --with-multilib-list=m32,m64,mx32 --enable-multilib --with-tune=generic --enable-offload-targets=nvptx-none=/build/gcc-11-XeT9lY/gcc-11-11.4.0/debian/tmp-nvptx/usr,amdgcn-amdhsa=/build/gcc-11-XeT9lY/gcc-11-11.4.0/debian/tmp-gcn/usr --without-cuda-driver --enable-checking=release --build=x86_64-linux-gnu --host=x86_64-linux-gnu --target=x86_64-linux-gnu --with-build-config=bootstrap-lto-lean --enable-link-serialization=2
Thread model: posix
Supported LTO compression algorithms: zlib zstd
gcc version 11.4.0 (Ubuntu 11.4.0-1ubuntu1~22.04) 
... rest of stderr output deleted ...
configure:4983: $? = 0
configure:4972: gcc -V >&5
gcc: error: unrecognized command-line option '-V'
gcc: fatal error: no input files
compilation terminated.
configure:4983: $? = 1
configure:4972: gcc -qversion >&5
gcc: error: unrecognized command-line option '-qversion'; did you mean '--version'?
gcc: fatal error: no input files
compilation terminated.
configure:4983: $? = 1
configure:4972: gcc -version >&5
gcc: error: unrecognized command-line option '-version'
gcc: fatal error: no input files
compilation terminated.
configure:4983: $? = 1
configure:4987: checking whether the compiler supports GNU C
configure:5007: gcc -c -O3 -std=c99 -Wall -I/home/nyan1/libgd/include conftest.c >&5
configure:5007: $? = 0
configure:5017: result: yes
configure:5028: checking whether gcc accepts -g
configure:5049: gcc -c -g -I/home/nyan1/libgd/include conftest.c >&5
configure:5049: $? = 0
configure:5093: result: yes
configure:5113: checking for gcc option to enable C11 features
configure:5128: gcc  -c -O3 -std=c99 -Wall -I/home/nyan1/libgd/include conftest.c >&5
conftest.c:167:3: error: #error "Compiler does not advertise C11 conformance"
  167 | # error "Compiler does not advertise C11 conformance"
      |   ^~~~~
conftest.c:198:12: error: 'syntax' undeclared here (not in a function)
  198 | #define u8 syntax error!
      |            ^~~~~~
conftest.c:199:29: note: in expansion of macro 'u8'
  199 | char const utf8_literal[] = u8"happens to be ASCII" "another string";
      |                             ^~
conftest.c:198:19: error: expected ',' or ';' before 'error'
  198 | #define u8 syntax error!
      |                   ^~~~~
conftest.c:199:29: note: in expansion of macro 'u8'
  199 | char const utf8_literal[] = u8"happens to be ASCII" "another string";
      |                             ^~
configure:5128: $? = 1
configure: failed program was:
| /* confdefs.h */
| #define PACKAGE_NAME "scidx"
| #define PACKAGE_TARNAME "scidx"
| #define PACKAGE_VERSION "1.0.0"
| #define PACKAGE_STRING "scidx 1.0.0"
| #define PACKAGE_BUGREPORT "sdi1@anl.gov"
| #define PACKAGE_URL ""
| #define PACKAGE "scidx"
| #define VERSION "1.0.0"
| /* end confdefs.h.  */
| 
| /* Does the compiler advertise C89 conformance?
|    Do not test the value of __STDC__, because some compilers set it to 0
|    while being otherwise adequately conformant. */
| #if !defined __STDC__
| # error "Compiler does not advertise C89 conformance"
| #endif
| 
| #include <stddef.h>
| #include <stdarg.h>
| struct stat;
| /* Most of the following tests are stolen from RCS 5.7 src/conf.sh.  */
| struct buf { int x; };
| struct buf * (*rcsopen) (struct buf *, struct stat *, int);
| static char *e (p, i)
|      char **p;
|      int i;
| {
|   return p[i];
| }
| static char *f (char * (*g) (char **, int), char **p, ...)
| {
|   char *s;
|   va_list v;
|   va_start (v,p);
|   s = g (p, va_arg (v,int));
|   va_end (v);
|   return s;
| }
| 
| /* OSF 4.0 Compaq cc is some sort of almost-ANSI by default.  It has
|    function prototypes and stuff, but not \xHH hex character constants.
|    These do not provoke an error unfortunately, instead are silently treated
|    as an "x".  The following induces an error, until -std is added to get
|    proper ANSI mode.  Curiously \x00 != x always comes out true, for an
|    array size at least.  It is necessary to write \x00 == 0 to get something
|    that is true only with -std.  */
| int osf4_cc_array ['\x00' == 0 ? 1 : -1];
| 
| /* IBM C 6 for AIX is almost-ANSI by default, but it replaces macro parameters
|    inside strings and character constants.  */
| #define FOO(x) 'x'
| int xlc6_cc_array[FOO(a) == 'x' ? 1 : -1];
| 
| int test (int i, double x);
| struct s1 {int (*f) (int a);};
| struct s2 {int (*f) (double a);};
| int pairnames (int, char **, int *(*)(struct buf *, struct stat *, int),
|                int, int);
| 
| // Does the compiler advertise C99 conformance?
| #if !defined __STDC_VERSION__ || __STDC_VERSION__ < 199901L
| # error "Compiler does not advertise C99 conformance"
| #endif
| 
| #include <stdbool.h>
| extern int puts (const char *);
| extern int printf (const char *, ...);
| extern int dprintf (int, const char *, ...);
| extern void *malloc (size_t);
| 
| // Check varargs macros.  These examples are taken from C99 6.10.3.5.
| // dprintf is used instead of fprintf to avoid needing to declare
| // FILE and stderr.
| #define debug(...) dprintf (2, __VA_ARGS__)
| #define showlist(...) puts (#__VA_ARGS__)
| #define report(test,...) ((test) ? puts (#test) : printf (__VA_ARGS__))
| static void
| test_varargs_macros (void)
| {
|   int x = 1234;
|   int y = 5678;
|   debug ("Flag");
|   debug ("X = %d\n", x);
|   showlist (The first, second, and third items.);
|   report (x>y, "x is %d but y is %d", x, y);
| }
| 
| // Check long long types.
| #define BIG64 18446744073709551615ull
| #define BIG32 4294967295ul
| #define BIG_OK (BIG64 / BIG32 == 4294967297ull && BIG64 % BIG32 == 0)
| #if !BIG_OK
|   #error "your preprocessor is broken"
| #endif
| #if BIG_OK
| #else
|   #error "your preprocessor is broken"
| #endif
| static long long int bignum = -9223372036854775807LL;
| static unsigned long long int ubignum = BIG64;
| 
| struct incomplete_array
| {
|   int datasize;
|   double data[];
| };
| 
| struct named_init {
|   int number;
|   const wchar_t *name;
|   double average;
| };
| 
| typedef const char *ccp;
| 
| static inline int
| test_restrict (ccp restrict text)
| {
|   // See if C++-style comments work.
|   // Iterate through items via the restricted pointer.
|   // Also check for declarations in for loops.
|   for (unsigned int i = 0; *(text+i) != '\0'; ++i)
|     continue;
|   return 0;
| }
| 
| // Check varargs and va_copy.
| static bool
| test_varargs (const char *format, ...)
| {
|   va_list args;
|   va_start (args, format);
|   va_list args_copy;
|   va_copy (args_copy, args);
| 
|   const char *str = "";
|   int number = 0;
|   float fnumber = 0;
| 
|   while (*format)
|     {
|       switch (*format++)
| 	{
| 	case 's': // string
| 	  str = va_arg (args_copy, const char *);
| 	  break;
| 	case 'd': // int
| 	  number = va_arg (args_copy, int);
| 	  break;
| 	case 'f': // float
| 	  fnumber = va_arg (args_copy, double);
| 	  break;
| 	default:
| 	  break;
| 	}
|     }
|   va_end (args_copy);
|   va_end (args);
| 
|   return *str && number && fnumber;
| }
| 
| 
| // Does the compiler advertise C11 conformance?
| #if !defined __STDC_VERSION__ || __STDC_VERSION__ < 201112L
| # error "Compiler does not advertise C11 conformance"
| #endif
| 
| // Check _Alignas.
| char _Alignas (double) aligned_as_double;
| char _Alignas (0) no_special_alignment;
| extern char aligned_as_int;
| char _Alignas (0) _Alignas (int) aligned_as_int;
| 
| // Check _Alignof.
| enum
| {
|   int_alignment = _Alignof (int),
|   int_array_alignment = _Alignof (int[100]),
|   char_alignment = _Alignof (char)
| };
| _Static_assert (0 < -_Alignof (int), "_Alignof is signed");
| 
| // Check _Noreturn.
| int _Noreturn does_not_return (void) { for (;;) continue; }
| 
| // Check _Static_assert.
| struct test_static_assert
| {
|   int x;
|   _Static_assert (sizeof (int) <= sizeof (long int),
|                   "_Static_assert does not work in struct");
|   long int y;
| };
| 
| // Check UTF-8 literals.
| #define u8 syntax error!
| char const utf8_literal[] = u8"happens to be ASCII" "another string";
| 
| // Check duplicate typedefs.
| typedef long *long_ptr;
| typedef long int *long_ptr;
| typedef long_ptr long_ptr;
| 
| // Anonymous structures and unions -- taken from C11 6.7.2.1 Example 1.
| struct anonymous
| {
|   union {
|     struct { int i; int j; };
|     struct { int k; long int l; } w;
|   };
|   int m;
| } v1;
| 
| 
| int
| main (int argc, char **argv)
| {
|   int ok = 0;
|   
| ok |= (argc == 0 || f (e, argv, 0) != argv[0] || f (e, argv, 1) != argv[1]);
| 
|   
|   // Check bool.
|   _Bool success = false;
|   success |= (argc != 0);
| 
|   // Check restrict.
|   if (test_restrict ("String literal") == 0)
|     success = true;
|   char *restrict newvar = "Another string";
| 
|   // Check varargs.
|   success &= test_varargs ("s, d' f .", "string", 65, 34.234);
|   test_varargs_macros ();
| 
|   // Check flexible array members.
|   struct incomplete_array *ia =
|     malloc (sizeof (struct incomplete_array) + (sizeof (double) * 10));
|   ia->datasize = 10;
|   for (int i = 0; i < ia->datasize; ++i)
|     ia->data[i] = i * 1.234;
| 
|   // Check named initializers.
|   struct named_init ni = {
|     .number = 34,
|     .name = L"Test wide string",
|     .average = 543.34343,
|   };
| 
|   ni.number = 58;
| 
|   int dynamic_array[ni.number];
|   dynamic_array[0] = argv[0][0];
|   dynamic_array[ni.number - 1] = 543;
| 
|   // work around unused variable warnings
|   ok |= (!success || bignum == 0LL || ubignum == 0uLL || newvar[0] == 'x'
| 	 || dynamic_array[ni.number - 1] != 543);
| 
|   
|   _Static_assert ((offsetof (struct anonymous, i)
| 		   == offsetof (struct anonymous, w.k)),
| 		  "Anonymous union alignment botch");
|   v1.i = 2;
|   v1.w.k = 5;
|   ok |= v1.i != 5;
| 
|   return ok;
| }
| 
configure:5128: gcc -std=gnu11 -c -O3 -std=c99 -Wall -I/home/nyan1/libgd/include conftest.c >&5
conftest.c:167:3: error: #error "Compiler does not advertise C11 conformance"
  167 | # error "Compiler does not advertise C11 conformance"
      |   ^~~~~
conftest.c:198:12: error: 'syntax' undeclared here (not in a function)
  198 | #define u8 syntax error!
      |            ^~~~~~
conftest.c:199:29: note: in expansion of macro 'u8'
  199 | char const utf8_literal[] = u8"happens to be ASCII" "another string";
      |                             ^~
conftest.c:198:19: error: expected ',' or ';' before 'error'
  198 | #define u8 syntax error!
      |                   ^~~~~
conftest.c:199:29: note: in expansion of macro 'u8'
  199 | char const utf8_literal[] = u8"happens to be ASCII" "another string";
      |                             ^~
configure:5128: $? = 1
configure: failed program was:
| /* confdefs.h */
| #define PACKAGE_NAME "scidx"
| #define PACKAGE_TARNAME "scidx"
| #define PACKAGE_VERSION "1.0.0"
| #define PACKAGE_STRING "scidx 1.0.0"
| #define PACKAGE_BUGREPORT "sdi1@anl.gov"
| #define PACKAGE_URL ""
| #define PACKAGE "scidx"
| #define VERSION "1.0.0"
| /* end confdefs.h.  */
| 
| /* Does the compiler advertise C89 conformance?
|    Do not test the value of __STDC__, because some compilers set it to 0
|    while being otherwise adequately conformant. */
| #if !defined __STDC__
| # error "Compiler does not advertise C89 conformance"
| #endif
| 
| #include <stddef.h>
| #include <stdarg.h>
| struct stat;
| /* Most of the following tests are stolen from RCS 5.7 src/conf.sh.  */
| struct buf { int x; };
| struct buf * (*rcsopen) (struct buf *, struct stat *, int);
| static char *e (p, i)
|      char **p;
|      int i;
| {
|   return p[i];
| }
| static char *f (char * (*g) (char **, int), char **p, ...)
| {
|   char *s;
|   va_list v;
|   va_start (v,p);
|   s = g (p, va_arg (v,int));
|   va_end (v);
|   return s;
| }
| 
| /* OSF 4.0 Compaq cc is some sort of almost-ANSI by default.  It has
|    function prototypes and stuff, but not \xHH hex character constants.
|    These do not provoke an error unfortunately, instead are silently treated
|    as an "x".  The following induces an error, until -std is added to get
|    proper ANSI mode.  Curiously \x00 != x always comes out true, for an
|    array size at least.  It is necessary to write \x00 == 0 to get something
|    that is true only with -std.  */
| int osf4_cc_array ['\x00' == 0 ? 1 : -1];
| 
| /* IBM C 6 for AIX is almost-ANSI by default, but it replaces macro parameters
|    inside strings and character constants.  */
| #define FOO(x) 'x'
| int xlc6_cc_array[FOO(a) == 'x' ? 1 : -1];
| 
| int test (int i, double x);
| struct s1 {int (*f) (int a);};
| struct s2 {int (*f) (double a);};
| int pairnames (int, char **, int *(*)(struct buf *, struct stat *, int),
|                int, int);
| 
| // Does the compiler advertise C99 conformance?
| #if !defined __STDC_VERSION__ || __STDC_VERSION__ < 199901L
| # error "Compiler does not advertise C99 conformance"
| #endif
| 
| #include <stdbool.h>
| extern int puts (const char *);
| extern int printf (const char *, ...);
| extern int dprintf (int, const char *, ...);
| extern void *malloc (size_t);
| 
| // Check varargs macros.  These examples are taken from C99 6.10.3.5.
| // dprintf is used instead of fprintf to avoid needing to declare
| // FILE and stderr.
| #define debug(...) dprintf (2, __VA_ARGS__)
| #define showlist(...) puts (#__VA_ARGS__)
| #define report(test,...) ((test) ? puts (#test) : printf (__VA_ARGS__))
| static void
| test_varargs_macros (void)
| {
|   int x = 1234;
|   int y = 5678;
|   debug ("Flag");
|   debug ("X = %d\n", x);
|   showlist (The first, second, and third items.);
|   report (x>y, "x is %d but y is %d", x, y);
| }
| 
| // Check long long types.
| #define BIG64 18446744073709551615ull
| #define BIG32 4294967295ul
| #define BIG_OK (BIG64 / BIG32 == 4294967297ull && BIG64 % BIG32 == 0)
| #if !BIG_OK
|   #error "your preprocessor is broken"
| #endif
| #if BIG_OK
| #else
|   #error "your preprocessor is broken"
| #endif
| static long long int bignum = -9223372036854775807LL;
| static unsigned long long int ubignum = BIG64;
| 
| struct incomplete_array
| {
|   int datasize;
|   double data[];
| };
| 
| struct named_init {
|   int number;
|   const wchar_t *name;
|   double average;
| };
| 
| typedef const char *ccp;
| 
| static inline int
| test_restrict (ccp restrict text)
| {
|   // See if C++-style comments work.
|   // Iterate through items via the restricted pointer.
|   // Also check for declarations in for loops.
|   for (unsigned int i = 0; *(text+i) != '\0'; ++i)
|     continue;
|   return 0;
| }
| 
| // Check varargs and va_copy.
| static bool
| test_varargs (const char *format, ...)
| {
|   va_list args;
|   va_start (args, format);
|   va_list args_copy;
|   va_copy (args_copy, args);
| 
|   const char *str = "";
|   int number = 0;
|   float fnumber = 0;
| 
|   while (*format)
|     {
|       switch (*format++)
| 	{
| 	case 's': // string
| 	  str = va_arg (args_copy, const char *);
| 	  break;
| 	case 'd': // int
| 	  number = va_arg (args_copy, int);
| 	  break;
| 	case 'f': // float
| 	  fnumber = va_arg (args_copy, double);
| 	  break;
| 	default:
| 	  break;
| 	}
|     }
|   va_end (args_copy);
|   va_end (args);
| 
|   return *str && number && fnumber;
| }
| 
| 
| // Does the compiler advertise C11 conformance?
| #if !defined __STDC_VERSION__ || __STDC_VERSION__ < 201112L
| # error "Compiler does not advertise C11 conformance"
| #endif
| 
| // Check _Alignas.
| char _Alignas (double) aligned_as_double;
| char _Alignas (0) no_special_alignment;
| extern char aligned_as_int;
| char _Alignas (0) _Alignas (int) aligned_as_int;
| 
| // Check _Alignof.
| enum
| {
|   int_alignment = _Alignof (int),
|   int_array_alignment = _Alignof (int[100]),
|   char_alignment = _Alignof (char)
| };
| _Static_assert (0 < -_Alignof (int), "_Alignof is signed");
| 
| // Check _Noreturn.
| int _Noreturn does_not_return (void) { for (;;) continue; }
| 
| // Check _Static_assert.
| struct test_static_assert
| {
|   int x;
|   _Static_assert (sizeof (int) <= sizeof (long int),
|                   "_Static_assert does not work in struct");
|   long int y;
| };
| 
| // Check UTF-8 literals.
| #define u8 syntax error!
| char const utf8_literal[] = u8"happens to be ASCII" "another string";
| 
| // Check duplicate typedefs.
| typedef long *long_ptr;
| typedef long int *long_ptr;
| typedef long_ptr long_ptr;
| 
| // Anonymous structures and unions -- taken from C11 6.7.2.1 Example 1.
| struct anonymous
| {
|   union {
|     struct { int i; int j; };
|     struct { int k; long int l; } w;
|   };
|   int m;
| } v1;
| 
| 
| int
| main (int argc, char **argv)
| {
|   int ok = 0;
|   
| ok |= (argc == 0 || f (e, argv, 0) != argv[0] || f (e, argv, 1) != argv[1]);
| 
|   
|   // Check bool.
|   _Bool success = false;
|   success |= (argc != 0);
| 
|   // Check restrict.
|   if (test_restrict ("String literal") == 0)
|     success = true;
|   char *restrict newvar = "Another string";
| 
|   // Check varargs.
|   success &= test_varargs ("s, d' f .", "string", 65, 34.234);
|   test_varargs_macros ();
| 
|   // Check flexible array members.
|   struct incomplete_array *ia =
|     malloc (sizeof (struct incomplete_array) + (sizeof (double) * 10));
|   ia->datasize = 10;
|   for (int i = 0; i < ia->datasize; ++i)
|     ia->data[i] = i * 1.234;
| 
|   // Check named initializers.
|   struct named_init ni = {
|     .number = 34,
|     .name = L"Test wide string",
|     .average = 543.34343,
|   };
| 
|   ni.number = 58;
| 
|   int dynamic_array[ni.number];
|   dynamic_array[0] = argv[0][0];
|   dynamic_array[ni.number - 1] = 543;
| 
|   // work around unused variable warnings
|   ok |= (!success || bignum == 0LL || ubignum == 0uLL || newvar[0] == 'x'
| 	 || dynamic_array[ni.number - 1] != 543);
| 
|   
|   _Static_assert ((offsetof (struct anonymous, i)
| 		   == offsetof (struct anonymous, w.k)),
| 		  "Anonymous union alignment botch");
|   v1.i = 2;
|   v1.w.k = 5;
|   ok |= v1.i != 5;
| 
|   return ok;
| }
| 
configure:5141: result: unsupported
configure:5159: checking for gcc option to enable C99 features
configure:5174: gcc  -c -O3 -std=c99 -Wall -I/home/nyan1/libgd/include conftest.c >&5
configure:5174: $? = 0
configure:5192: result: none needed
configure:5262: checking whether gcc understands -c and -o together
configure:5285: gcc -c conftest.c -o conftest2.o
configure:5288: $? = 0
configure:5285: gcc -c conftest.c -o conftest2.o
configure:5288: $? = 0
configure:5300: result: yes
configure:5319: checking dependency style of gcc
configure:5431: result: gcc3
configure:5504: checking for gfortran
configure:5539: result: no
configure:5504: checking for g95
configure:5539: result: no
configure:5504: checking for xlf95
configure:5539: result: no
configure:5504: checking for f95
configure:5539: result: no
configure:5504: checking for fort
configure:5539: result: no
configure:5504: checking for ifort
configure:5539: result: no
configure:5504: checking for ifc
configure:5539: result: no
configure:5504: checking for efc
configure:5539: result: no
configure:5504: checking for pgfortran
configure:5539: result: no
configure:5504: checking for pgf95
configure:5539: result: no
configure:5504: checking for lf95
configure:5539: result: no
configure:5504: checking for ftn
configure:5539: result: no
configure:5504: checking for nagfor
configure:5539: result: no
configure:5504: checking for xlf90
configure:5539: result: no
configure:5504: checking for f90
configure:5539: result: no
configure:5504: checking for pgf90
configure:5539: result: no
configure:5504: checking for pghpf
configure:5539: result: no
configure:5504: checking for epcf90
configure:5539: result: no
configure:5504: checking for g77
configure:5539: result: no
configure:5504: checking for xlf
configure:5539: result: no
configure:5504: checking for f77
configure:5539: result: no
configure:5504: checking for frt
configure:5539: result: no
configure:5504: checking for pgf77
configure:5539: result: no
configure:5504: checking for cf77
configure:5539: result: no
configure:5504: checking for fort77
configure:5539: result: no
configure:5504: checking for fl32
configure:5539: result: no
configure:5504: checking for af77
configure:5539: result: no
configure:5562: checking for Fortran compiler version
configure:5571:  --version >&5
./configure: line 5573: --version: command not found
configure:5582: $? = 127
configure:5571:  -v >&5
./configure: line 5573: -v: command not found
configure:5582: $? = 127
configure:5571:  -V >&5
./configure: line 5573: -V: command not found
configure:5582: $? = 127
configure:5571:  -qversion >&5
./configure: line 5573: -qversion: command not found
configure:5582: $? = 127
configure:5591: checking whether the compiler supports GNU Fortran
configure:5605:  -c   conftest.F >&5
./configure: line 1676: -c: command not found
configure:5605: $? = 127
configure: failed program was:
|       program main
| #ifndef __GNUC__
|        choke me
| #endif
| 
|       end
configure:5615: result: no
configure:5623: checking whether  accepts -g
configure:5635:  -c -g  conftest.f >&5
./configure: line 1676: -c: command not found
configure:5635: $? = 127
configure: failed program was:
|       program main
| 
|       end
configure:5644: result: no
configure:5721: checking for ranlib
configure:5742: found /bin/ranlib
configure:5753: result: ranlib
configure:5831: checking for ar
configure:5852: found /bin/ar
configure:5863: result: ar
configure:5889: checking the archiver (ar) interface
configure:5906: gcc -c -O3 -std=c99 -Wall -I/home/nyan1/libgd/include conftest.c >&5
configure:5906: $? = 0
configure:5909: ar cru libconftest.a conftest.o >&5
ar: `u' modifier ignored since `D' is the default (see `U')
configure:5912: $? = 0
configure:5940: result: ar
configure:5992: checking build system type
configure:6007: result: x86_64-pc-linux-gnu
configure:6027: checking host system type
configure:6041: result: x86_64-pc-linux-gnu
configure:6082: checking how to print strings
configure:6109: result: printf
configure:6130: checking for a sed that does not truncate output
configure:6200: result: /bin/sed
configure:6218: checking for grep that handles long lines and -e
configure:6282: result: /bin/grep
configure:6287: checking for egrep
configure:6355: result: /bin/grep -E
configure:6360: checking for fgrep
configure:6428: result: /bin/grep -F
configure:6464: checking for ld used by gcc
configure:6532: result: /bin/ld
configure:6539: checking if the linker (/bin/ld) is GNU ld
configure:6555: result: yes
configure:6567: checking for BSD- or MS-compatible name lister (nm)
configure:6622: result: /bin/nm -B
configure:6762: checking the name lister (/bin/nm -B) interface
configure:6770: gcc -c -O3 -std=c99 -Wall -I/home/nyan1/libgd/include conftest.c >&5
configure:6773: /bin/nm -B "conftest.o"
configure:6776: output
0000000000000000 B some_variable
configure:6783: result: BSD nm
configure:6786: checking whether ln -s works
configure:6790: result: yes
configure:6798: checking the maximum length of command line arguments
configure:6930: result: 1572864
configure:6978: checking how to convert x86_64-pc-linux-gnu file names to x86_64-pc-linux-gnu format
configure:7019: result: func_convert_file_noop
configure:7026: checking how to convert x86_64-pc-linux-gnu file names to toolchain format
configure:7047: result: func_convert_file_noop
configure:7054: checking for /bin/ld option to reload object files
configure:7062: result: -r
configure:7141: checking for objdump
configure:7162: found /bin/objdump
configure:7173: result: objdump
configure:7205: checking how to recognize dependent libraries
configure:7406: result: pass_all
configure:7496: checking for dlltool
configure:7531: result: no
configure:7561: checking how to associate runtime and link libraries
configure:7589: result: printf %s\n
configure:7723: checking for archiver @FILE support
configure:7741: gcc -c -O3 -std=c99 -Wall -I/home/nyan1/libgd/include conftest.c >&5
configure:7741: $? = 0
configure:7745: ar cr libconftest.a @conftest.lst >&5
configure:7748: $? = 0
configure:7753: ar cr libconftest.a @conftest.lst >&5
ar: conftest.o: No such file or directory
configure:7756: $? = 1
configure:7768: result: @
configure:7831: checking for strip
configure:7852: found /bin/strip
configure:7863: result: strip
configure:7940: checking for ranlib
configure:7972: result: ranlib
configure:8074: checking command to parse /bin/nm -B output from gcc object
configure:8228: gcc -c -O3 -std=c99 -Wall -I/home/nyan1/libgd/include conftest.c >&5
configure:8231: $? = 0
configure:8235: /bin/nm -B conftest.o | sed -n -e 's/^.*[	 ]\([ABCDGIRSTW][ABCDGIRSTW]*\)[	 ][	 ]*\([_A-Za-z][_A-Za-z0-9]*\)$/\1 \2 \2/p' | sed '/ __gnu_lto/d' > conftest.nm
configure:8301: gcc -o conftest -O3 -std=c99 -Wall -I/home/nyan1/libgd/include -L/home/nyan1/libgd/lib -lgd conftest.c conftstm.o >&5
configure:8304: $? = 0
configure:8342: result: ok
configure:8389: checking for sysroot
configure:8420: result: no
configure:8427: checking for a working dd
configure:8471: result: /bin/dd
configure:8475: checking how to truncate binary pipes
configure:8491: result: /bin/dd bs=4096 count=1
configure:8628: gcc -c -O3 -std=c99 -Wall -I/home/nyan1/libgd/include conftest.c >&5
configure:8631: $? = 0
configure:8828: checking for mt
configure:8849: found /bin/mt
configure:8860: result: mt
configure:8883: checking if mt is a manifest tool
configure:8890: mt '-?'
configure:8898: result: no
configure:9628: checking for stdio.h
configure:9628: gcc -c -O3 -std=c99 -Wall -I/home/nyan1/libgd/include conftest.c >&5
configure:9628: $? = 0
configure:9628: result: yes
configure:9628: checking for stdlib.h
configure:9628: gcc -c -O3 -std=c99 -Wall -I/home/nyan1/libgd/include conftest.c >&5
configure:9628: $? = 0
configure:9628: result: yes
configure:9628: checking for string.h
configure:9628: gcc -c -O3 -std=c99 -Wall -I/home/nyan1/libgd/include conftest.c >&5
configure:9628: $? = 0
configure:9628: result: yes
configure:9628: checking for inttypes.h
configure:9628: gcc -c -O3 -std=c99 -Wall -I/home/nyan1/libgd/include conftest.c >&5
configure:9628: $? = 0
configure:9628: result: yes
configure:9628: checking for stdint.h
configure:9628: gcc -c -O3 -std=c99 -Wall -I/home/nyan1/libgd/include conftest.c >&5
configure:9628: $? = 0
configure:9628: result: yes
configure:9628: checking for strings.h
configure:9628: gcc -c -O3 -std=c99 -Wall -I/home/nyan1/libgd/include conftest.c >&5
configure:9628: $? = 0
configure:9628: result: yes
configure:9628: checking for sys/stat.h
configure:9628: gcc -c -O3 -std=c99 -Wall -I/home/nyan1/libgd/include conftest.c >&5
configure:9628: $? = 0
configure:9628: result: yes
configure:9628: checking for sys/types.h
configure:9628: gcc -c -O3 -std=c99 -Wall -I/home/nyan1/libgd/include conftest.c >&5
configure:9628: $? = 0
configure:9628: result: yes
configure:9628: checking for unistd.h
configure:9628: gcc -c -O3 -std=c99 -Wall -I/home/nyan1/libgd/include conftest.c >&5
configure:9628: $? = 0
configure:9628: result: yes
configure:9653: checking for dlfcn.h
configure:9653: gcc -c -O3 -std=c99 -Wall -I/home/nyan1/libgd/include conftest.c >&5
configure:9653: $? = 0
configure:9653: result: yes
configure:9924: checking for objdir
configure:9940: result: .libs
configure:10200: checking if gcc supports -fno-rtti -fno-exceptions
configure:10219: gcc -c -O3 -std=c99 -Wall -I/home/nyan1/libgd/include -fno-rtti -fno-exceptions conftest.c >&5
cc1: warning: command-line option '-fno-rtti' is valid for C++/D/ObjC++ but not for C
configure:10223: $? = 0
configure:10236: result: no
configure:10600: checking for gcc option to produce PIC
configure:10608: result: -fPIC -DPIC
configure:10616: checking if gcc PIC flag -fPIC -DPIC works
configure:10635: gcc -c -O3 -std=c99 -Wall -I/home/nyan1/libgd/include -fPIC -DPIC -DPIC conftest.c >&5
configure:10639: $? = 0
configure:10652: result: yes
configure:10681: checking if gcc static flag -static works
configure:10710: result: yes
configure:10725: checking if gcc supports -c -o file.o
configure:10747: gcc -c -O3 -std=c99 -Wall -I/home/nyan1/libgd/include -o out/conftest2.o conftest.c >&5
configure:10751: $? = 0
configure:10773: result: yes
configure:10781: checking if gcc supports -c -o file.o
configure:10829: result: yes
configure:10862: checking whether the gcc linker (/bin/ld -m elf_x86_64) supports shared libraries
configure:12132: result: yes
configure:12169: checking whether -lc should be explicitly linked in
configure:12178: gcc -c -O3 -std=c99 -Wall -I/home/nyan1/libgd/include conftest.c >&5
configure:12181: $? = 0
configure:12196: gcc -shared  -fPIC -DPIC conftest.o  -v -Wl,-soname -Wl,conftest -o conftest 2\>\&1 \| /bin/grep  -lc  \>/dev/null 2\>\&1
configure:12199: $? = 0
configure:12213: result: no
configure:12373: checking dynamic linker characteristics
configure:12955: gcc -o conftest -O3 -std=c99 -Wall -I/home/nyan1/libgd/include -L/home/nyan1/libgd/lib -lgd -Wl,-rpath -Wl,/foo conftest.c  >&5
configure:12955: $? = 0
configure:13206: result: GNU/Linux ld.so
configure:13328: checking how to hardcode library paths into programs
configure:13353: result: immediate
configure:13905: checking whether stripping libraries is possible
configure:13910: result: yes
configure:13945: checking if libtool supports shared libraries
configure:13947: result: yes
configure:13950: checking whether to build shared libraries
configure:13975: result: yes
configure:13978: checking whether to build static libraries
configure:13982: result: yes
configure:14005: checking how to run the C++ preprocessor
configure:14027: g++ -E -I/home/nyan1/libgd/include conftest.cpp
configure:14027: $? = 0
configure:14042: g++ -E -I/home/nyan1/libgd/include conftest.cpp
conftest.cpp:23:10: fatal error: ac_nonexistent.h: No such file or directory
   23 | #include <ac_nonexistent.h>
      |          ^~~~~~~~~~~~~~~~~~
compilation terminated.
configure:14042: $? = 1
configure: failed program was:
| /* confdefs.h */
| #define PACKAGE_NAME "scidx"
| #define PACKAGE_TARNAME "scidx"
| #define PACKAGE_VERSION "1.0.0"
| #define PACKAGE_STRING "scidx 1.0.0"
| #define PACKAGE_BUGREPORT "sdi1@anl.gov"
| #define PACKAGE_URL ""
| #define PACKAGE "scidx"
| #define VERSION "1.0.0"
| #define HAVE_STDIO_H 1
| #define HAVE_STDLIB_H 1
| #define HAVE_STRING_H 1
| #define HAVE_INTTYPES_H 1
| #define HAVE_STDINT_H 1
| #define HAVE_STRINGS_H 1
| #define HAVE_SYS_STAT_H 1
| #define HAVE_SYS_TYPES_H 1
| #define HAVE_UNISTD_H 1
| #define STDC_HEADERS 1
| #define HAVE_DLFCN_H 1
| #define LT_OBJDIR ".libs/"
| /* end confdefs.h.  */
| #include <ac_nonexistent.h>
configure:14069: result: g++ -E
configure:14083: g++ -E -I/home/nyan1/libgd/include conftest.cpp
configure:14083: $? = 0
configure:14098: g++ -E -I/home/nyan1/libgd/include conftest.cpp
conftest.cpp:23:10: fatal error: ac_nonexistent.h: No such file or directory
   23 | #include <ac_nonexistent.h>
      |          ^~~~~~~~~~~~~~~~~~
compilation terminated.
configure:14098: $? = 1
configure: failed program was:
| /* confdefs.h */
| #define PACKAGE_NAME "scidx"
| #define PACKAGE_TARNAME "scidx"
| #define PACKAGE_VERSION "1.0.0"
| #define PACKAGE_STRING "scidx 1.0.0"
| #define PACKAGE_BUGREPORT "sdi1@anl.gov"
| #define PACKAGE_URL ""
| #define PACKAGE "scidx"
| #define VERSION "1.0.0"
| #define HAVE_STDIO_H 1
| #define HAVE_STDLIB_H 1
| #define HAVE_STRING_H 1
| #define HAVE_INTTYPES_H 1
| #define HAVE_STDINT_H 1
| #define HAVE_STRINGS_H 1
| #define HAVE_SYS_STAT_H 1
| #define HAVE_SYS_TYPES_H 1
| #define HAVE_UNISTD_H 1
| #define STDC_HEADERS 1
| #define HAVE_DLFCN_H 1
| #define LT_OBJDIR ".libs/"
| /* end confdefs.h.  */
| #include <ac_nonexistent.h>
configure:14263: checking for ld used by g++
configure:14331: result: /bin/ld -m elf_x86_64
configure:14338: checking if the linker (/bin/ld -m elf_x86_64) is GNU ld
configure:14354: result: yes
configure:14409: checking whether the g++ linker (/bin/ld -m elf_x86_64) supports shared libraries
configure:15486: result: yes
configure:15522: g++ -c -g -O2 -I/home/nyan1/libgd/include conftest.cpp >&5
configure:15525: $? = 0
configure:16006: checking for g++ option to produce PIC
configure:16014: result: -fPIC -DPIC
configure:16022: checking if g++ PIC flag -fPIC -DPIC works
configure:16041: g++ -c -g -O2 -I/home/nyan1/libgd/include -fPIC -DPIC -DPIC conftest.cpp >&5
configure:16045: $? = 0
configure:16058: result: yes
configure:16081: checking if g++ static flag -static works
configure:16110: result: yes
configure:16122: checking if g++ supports -c -o file.o
configure:16144: g++ -c -g -O2 -I/home/nyan1/libgd/include -o out/conftest2.o conftest.cpp >&5
configure:16148: $? = 0
configure:16170: result: yes
configure:16175: checking if g++ supports -c -o file.o
configure:16223: result: yes
configure:16253: checking whether the g++ linker (/bin/ld -m elf_x86_64) supports shared libraries
configure:16296: result: yes
configure:16438: checking dynamic linker characteristics
configure:17198: result: GNU/Linux ld.so
configure:17263: checking how to hardcode library paths into programs
configure:17288: result: immediate
configure:20478: checking whether to enable maintainer-specific portions of Makefiles
configure:20488: result: no
configure:20507: checking for fcntl.h
configure:20507: gcc -c -O3 -std=c99 -Wall -I/home/nyan1/libgd/include conftest.c >&5
configure:20507: $? = 0
configure:20507: result: yes
configure:20513: checking for limits.h
configure:20513: gcc -c -O3 -std=c99 -Wall -I/home/nyan1/libgd/include conftest.c >&5
configure:20513: $? = 0
configure:20513: result: yes
configure:20519: checking for malloc.h
configure:20519: gcc -c -O3 -std=c99 -Wall -I/home/nyan1/libgd/include conftest.c >&5
configure:20519: $? = 0
configure:20519: result: yes
configure:20525: checking for stddef.h
configure:20525: gcc -c -O3 -std=c99 -Wall -I/home/nyan1/libgd/include conftest.c >&5
configure:20525: $? = 0
configure:20525: result: yes
configure:20531: checking for stdlib.h
configure:20531: result: yes
configure:20537: checking for string.h
configure:20537: result: yes
configure:20543: checking for sys/time.h
configure:20543: gcc -c -O3 -std=c99 -Wall -I/home/nyan1/libgd/include conftest.c >&5
configure:20543: $? = 0
configure:20543: result: yes
configure:20549: checking for unistd.h
configure:20549: result: yes
configure:20600: checking for size_t
configure:20600: gcc -c -O3 -std=c99 -Wall -I/home/nyan1/libgd/include conftest.c >&5
configure:20600: $? = 0
configure:20600: gcc -c -O3 -std=c99 -Wall -I/home/nyan1/libgd/include conftest.c >&5
conftest.c: In function 'main':
conftest.c:62:21: error: expected expression before ')' token
   62 | if (sizeof ((size_t)))
      |                     ^
configure:20600: $? = 1
configure: failed program was:
| /* confdefs.h */
| #define PACKAGE_NAME "scidx"
| #define PACKAGE_TARNAME "scidx"
| #define PACKAGE_VERSION "1.0.0"
| #define PACKAGE_STRING "scidx 1.0.0"
| #define PACKAGE_BUGREPORT "sdi1@anl.gov"
| #define PACKAGE_URL ""
| #define PACKAGE "scidx"
| #define VERSION "1.0.0"
| #define HAVE_STDIO_H 1
| #define HAVE_STDLIB_H 1
| #define HAVE_STRING_H 1
| #define HAVE_INTTYPES_H 1
| #define HAVE_STDINT_H 1
| #define HAVE_STRINGS_H 1
| #define HAVE_SYS_STAT_H 1
| #define HAVE_SYS_TYPES_H 1
| #define HAVE_UNISTD_H 1
| #define STDC_HEADERS 1
| #define HAVE_DLFCN_H 1
| #define LT_OBJDIR ".libs/"
| #define HAVE_FCNTL_H 1
| #define HAVE_LIMITS_H 1
| #define HAVE_MALLOC_H 1
| #define HAVE_STDDEF_H 1
| #define HAVE_STDLIB_H 1
| #define HAVE_STRING_H 1
| #define HAVE_SYS_TIME_H 1
| #define HAVE_UNISTD_H 1
| /* end confdefs.h.  */
| #include <stddef.h>
| #ifdef HAVE_STDIO_H
| # include <stdio.h>
| #endif
| #ifdef HAVE_STDLIB_H
| # include <stdlib.h>
| #endif
| #ifdef HAVE_STRING_H
| # include <string.h>
| #endif
| #ifdef HAVE_INTTYPES_H
| # include <inttypes.h>
| #endif
| #ifdef HAVE_STDINT_H
| # include <stdint.h>
| #endif
| #ifdef HAVE_STRINGS_H
| # include <strings.h>
| #endif
| #ifdef HAVE_SYS_TYPES_H
| # include <sys/types.h>
| #endif
| #ifdef HAVE_SYS_STAT_H
| # include <sys/stat.h>
| #endif
| #ifdef HAVE_UNISTD_H
| # include <unistd.h>
| #endif
| int
| main (void)
| {
| if (sizeof ((size_t)))
| 	    return 0;
|   ;
|   return 0;
| }
configure:20600: result: yes
configure:20610: checking for ptrdiff_t
configure:20610: gcc -c -O3 -std=c99 -Wall -I/home/nyan1/libgd/include conftest.c >&5
configure:20610: $? = 0
configure:20610: gcc -c -O3 -std=c99 -Wall -I/home/nyan1/libgd/include conftest.c >&5
conftest.c: In function 'main':
conftest.c:62:24: error: expected expression before ')' token
   62 | if (sizeof ((ptrdiff_t)))
      |                        ^
configure:20610: $? = 1
configure: failed program was:
| /* confdefs.h */
| #define PACKAGE_NAME "scidx"
| #define PACKAGE_TARNAME "scidx"
| #define PACKAGE_VERSION "1.0.0"
| #define PACKAGE_STRING "scidx 1.0.0"
| #define PACKAGE_BUGREPORT "sdi1@anl.gov"
| #define PACKAGE_URL ""
| #define PACKAGE "scidx"
| #define VERSION "1.0.0"
| #define HAVE_STDIO_H 1
| #define HAVE_STDLIB_H 1
| #define HAVE_STRING_H 1
| #define HAVE_INTTYPES_H 1
| #define HAVE_STDINT_H 1
| #define HAVE_STRINGS_H 1
| #define HAVE_SYS_STAT_H 1
| #define HAVE_SYS_TYPES_H 1
| #define HAVE_UNISTD_H 1
| #define STDC_HEADERS 1
| #define HAVE_DLFCN_H 1
| #define LT_OBJDIR ".libs/"
| #define HAVE_FCNTL_H 1
| #define HAVE_LIMITS_H 1
| #define HAVE_MALLOC_H 1
| #define HAVE_STDDEF_H 1
| #define HAVE_STDLIB_H 1
| #define HAVE_STRING_H 1
| #define HAVE_SYS_TIME_H 1
| #define HAVE_UNISTD_H 1
| /* end confdefs.h.  */
| #include <stddef.h>
| #ifdef HAVE_STDIO_H
| # include <stdio.h>
| #endif
| #ifdef HAVE_STDLIB_H
| # include <stdlib.h>
| #endif
| #ifdef HAVE_STRING_H
| # include <string.h>
| #endif
| #ifdef HAVE_INTTYPES_H
| # include <inttypes.h>
| #endif
| #ifdef HAVE_STDINT_H
| # include <stdint.h>
| #endif
| #ifdef HAVE_STRINGS_H
| # include <strings.h>
| #endif
| #ifdef HAVE_SYS_TYPES_H
| # include <sys/types.h>
| #endif
| #ifdef HAVE_SYS_STAT_H
| # include <sys/stat.h>
| #endif
| #ifdef HAVE_UNISTD_H
| # include <unistd.h>
| #endif
| int
| main (void)
| {
| if (sizeof ((ptrdiff_t)))
| 	    return 0;
|   ;
|   return 0;
| }
configure:20610: result: yes
configure:20621: checking for GNU libc compatible malloc
configure:20653: gcc -o conftest -O3 -std=c99 -Wall -I/home/nyan1/libgd/include -L/home/nyan1/libgd/lib -lgd conftest.c  >&5
configure:20653: $? = 0
configure:20653: ./conftest
configure:20653: $? = 0
configure:20664: result: yes
configure:20686: checking for GNU libc compatible realloc
configure:20718: gcc -o conftest -O3 -std=c99 -Wall -I/home/nyan1/libgd/include -L/home/nyan1/libgd/lib -lgd conftest.c  >&5
configure:20718: $? = 0
configure:20718: ./conftest
configure:20718: $? = 0
configure:20729: result: yes
configure:20751: checking for memchr
configure:20751: gcc -o conftest -O3 -std=c99 -Wall -I/home/nyan1/libgd/include -L/home/nyan1/libgd/lib -lgd conftest.c  >&5
conftest.c:50:6: warning: conflicting types for built-in function 'memchr'; expected 'void *(const void *, int,  long unsigned int)' [-Wbuiltin-declaration-mismatch]
   50 | char memchr ();
      |      ^~~~~~
conftest.c:42:1: note: 'memchr' is declared in header '<string.h>'
   41 | #include <limits.h>
   42 | #undef memchr
configure:20751: $? = 0
configure:20751: result: yes
configure:20757: checking for memset
configure:20757: gcc -o conftest -O3 -std=c99 -Wall -I/home/nyan1/libgd/include -L/home/nyan1/libgd/lib -lgd conftest.c  >&5
conftest.c:51:6: warning: conflicting types for built-in function 'memset'; expected 'void *(void *, int,  long unsigned int)' [-Wbuiltin-declaration-mismatch]
   51 | char memset ();
      |      ^~~~~~
conftest.c:43:1: note: 'memset' is declared in header '<string.h>'
   42 | #include <limits.h>
   43 | #undef memset
configure:20757: $? = 0
configure:20757: result: yes
configure:20763: checking for strchr
configure:20763: gcc -o conftest -O3 -std=c99 -Wall -I/home/nyan1/libgd/include -L/home/nyan1/libgd/lib -lgd conftest.c  >&5
conftest.c:52:6: warning: conflicting types for built-in function 'strchr'; expected 'char *(const char *, int)' [-Wbuiltin-declaration-mismatch]
   52 | char strchr ();
      |      ^~~~~~
conftest.c:44:1: note: 'strchr' is declared in header '<string.h>'
   43 | #include <limits.h>
   44 | #undef strchr
configure:20763: $? = 0
configure:20763: result: yes
configure:20769: checking for strtol
configure:20769: gcc -o conftest -O3 -std=c99 -Wall -I/home/nyan1/libgd/include -L/home/nyan1/libgd/lib -lgd conftest.c  >&5
configure:20769: $? = 0
configure:20769: result: yes
configure:20880: checking that generated files are newer than configure
configure:20886: result: done
configure:20925: creating ./config.status

## ---------------------- ##
## Running config.status. ##
## ---------------------- ##

This file was extended by scidx config.status 1.0.0, which was
generated by GNU Autoconf 2.71.  Invocation command line was

  CONFIG_FILES    = 
  CONFIG_HEADERS  = 
  CONFIG_LINKS    = 
  CONFIG_COMMANDS = 
  $ ./config.status 

on rapids

config.status:1221: creating Makefile
config.status:1221: creating zstd/Makefile
config.status:1221: creating scidx/Makefile
config.status:1221: creating examples/Makefile
config.status:1221: creating config.h
config.status:1402: config.h is unchanged
config.status:1450: executing depfiles commands
config.status:1527: cd zstd       && sed -e '/# am--include-marker/d' Makefile         | make -f - am--depfiles
make: Nothing to be done for 'am--depfiles'.
config.status:1532: $? = 0
config.status:1527: cd scidx       && sed -e '/# am--include-marker/d' Makefile         | make -f - am--depfiles
make: Nothing to be done for 'am--depfiles'.
config.status:1532: $? = 0
config.status:1527: cd examples       && sed -e '/# am--include-marker/d' Makefile         | make -f - am--depfiles
make: Nothing to be done for 'am--depfiles'.
config.status:1532: $? = 0
config.status:1450: executing libtool commands

## ---------------- ##
## Cache variables. ##
## ---------------- ##

ac_cv_build=x86_64-pc-linux-gnu
ac_cv_c_compiler_gnu=yes
ac_cv_cxx_compiler_gnu=yes
ac_cv_env_CCC_set=
ac_cv_env_CCC_value=
ac_cv_env_CC_set=
ac_cv_env_CC_value=
ac_cv_env_CFLAGS_set=
ac_cv_env_CFLAGS_value=
ac_cv_env_CPPFLAGS_set=set
ac_cv_env_CPPFLAGS_value=-I/home/nyan1/libgd/include
ac_cv_env_CXXCPP_set=
ac_cv_env_CXXCPP_value=
ac_cv_env_CXXFLAGS_set=
ac_cv_env_CXXFLAGS_value=
ac_cv_env_CXX_set=
ac_cv_env_CXX_value=
ac_cv_env_FCFLAGS_set=
ac_cv_env_FCFLAGS_value=
ac_cv_env_FC_set=
ac_cv_env_FC_value=
ac_cv_env_LDFLAGS_set=set
ac_cv_env_LDFLAGS_value='-L/home/nyan1/libgd/lib -lgd'
ac_cv_env_LIBS_set=
ac_cv_env_LIBS_value=
ac_cv_env_LT_SYS_LIBRARY_PATH_set=
ac_cv_env_LT_SYS_LIBRARY_PATH_value=
ac_cv_env_build_alias_set=
ac_cv_env_build_alias_value=
ac_cv_env_host_alias_set=
ac_cv_env_host_alias_value=
ac_cv_env_target_alias_set=
ac_cv_env_target_alias_value=
ac_cv_fc_compiler_gnu=no
ac_cv_func_malloc_0_nonnull=yes
ac_cv_func_memchr=yes
ac_cv_func_memset=yes
ac_cv_func_realloc_0_nonnull=yes
ac_cv_func_strchr=yes
ac_cv_func_strtol=yes
ac_cv_header_dlfcn_h=yes
ac_cv_header_fcntl_h=yes
ac_cv_header_inttypes_h=yes
ac_cv_header_limits_h=yes
ac_cv_header_malloc_h=yes
ac_cv_header_stddef_h=yes
ac_cv_header_stdint_h=yes
ac_cv_header_stdio_h=yes
ac_cv_header_stdlib_h=yes
ac_cv_header_string_h=yes
ac_cv_header_strings_h=yes
ac_cv_header_sys_stat_h=yes
ac_cv_header_sys_time_h=yes
ac_cv_header_sys_types_h=yes
ac_cv_header_unistd_h=yes
ac_cv_host=x86_64-pc-linux-gnu
ac_cv_objext=o
ac_cv_path_EGREP='/bin/grep -E'
ac_cv_path_FGREP='/bin/grep -F'
ac_cv_path_GREP=/bin/grep
ac_cv_path_SED=/bin/sed
ac_cv_path_install='/bin/install -c'
ac_cv_path_lt_DD=/bin/dd
ac_cv_path_mkdir=/bin/mkdir
ac_cv_prog_AWK=gawk
ac_cv_prog_CXXCPP='g++ -E'
ac_cv_prog_ac_ct_AR=ar
ac_cv_prog_ac_ct_CC=gcc
ac_cv_prog_ac_ct_CXX=g++
ac_cv_prog_ac_ct_MANIFEST_TOOL=mt
ac_cv_prog_ac_ct_OBJDUMP=objdump
ac_cv_prog_ac_ct_RANLIB=ranlib
ac_cv_prog_ac_ct_STRIP=strip
ac_cv_prog_cc_c11=no
ac_cv_prog_cc_c99=
ac_cv_prog_cc_g=yes
ac_cv_prog_cc_stdc=
ac_cv_prog_cxx_11=no
ac_cv_prog_cxx_cxx11=
ac_cv_prog_cxx_g=yes
ac_cv_prog_cxx_stdcxx=
ac_cv_prog_fc_g=no
ac_cv_prog_make_make_set=yes
ac_cv_type_ptrdiff_t=yes
ac_cv_type_size_t=yes
am_cv_CC_dependencies_compiler_type=gcc3
am_cv_CXX_dependencies_compiler_type=gcc3
am_cv_ar_interface=ar
am_cv_make_support_nested_variables=yes
am_cv_prog_cc_c_o=yes
lt_cv_ar_at_file=@
lt_cv_archive_cmds_need_lc=no
lt_cv_deplibs_check_method=pass_all
lt_cv_file_magic_cmd='$MAGIC_CMD'
lt_cv_file_magic_test_file=
lt_cv_ld_reload_flag=-r
lt_cv_nm_interface='BSD nm'
lt_cv_objdir=.libs
lt_cv_path_LD=/bin/ld
lt_cv_path_LDCXX='/bin/ld -m elf_x86_64'
lt_cv_path_NM='/bin/nm -B'
lt_cv_path_mainfest_tool=no
lt_cv_prog_compiler_c_o=yes
lt_cv_prog_compiler_c_o_CXX=yes
lt_cv_prog_compiler_pic='-fPIC -DPIC'
lt_cv_prog_compiler_pic_CXX='-fPIC -DPIC'
lt_cv_prog_compiler_pic_works=yes
lt_cv_prog_compiler_pic_works_CXX=yes
lt_cv_prog_compiler_rtti_exceptions=no
lt_cv_prog_compiler_static_works=yes
lt_cv_prog_compiler_static_works_CXX=yes
lt_cv_prog_gnu_ld=yes
lt_cv_prog_gnu_ldcxx=yes
lt_cv_sharedlib_from_linklib_cmd='printf %s\n'
lt_cv_shlibpath_overrides_runpath=yes
lt_cv_sys_global_symbol_pipe='sed -n -e '\''s/^.*[	 ]\([ABCDGIRSTW][ABCDGIRSTW]*\)[	 ][	 ]*\([_A-Za-z][_A-Za-z0-9]*\)$/\1 \2 \2/p'\'' | sed '\''/ __gnu_lto/d'\'''
lt_cv_sys_global_symbol_to_c_name_address='sed -n -e '\''s/^: \(.*\) .*$/  {"\1", (void *) 0},/p'\'' -e '\''s/^[ABCDGIRSTW][ABCDGIRSTW]* .* \(.*\)$/  {"\1", (void *) \&\1},/p'\'''
lt_cv_sys_global_symbol_to_c_name_address_lib_prefix='sed -n -e '\''s/^: \(.*\) .*$/  {"\1", (void *) 0},/p'\'' -e '\''s/^[ABCDGIRSTW][ABCDGIRSTW]* .* \(lib.*\)$/  {"\1", (void *) \&\1},/p'\'' -e '\''s/^[ABCDGIRSTW][ABCDGIRSTW]* .* \(.*\)$/  {"lib\1", (void *) \&\1},/p'\'''
lt_cv_sys_global_symbol_to_cdecl='sed -n -e '\''s/^T .* \(.*\)$/extern int \1();/p'\'' -e '\''s/^[ABCDGIRSTW][ABCDGIRSTW]* .* \(.*\)$/extern char \1;/p'\'''
lt_cv_sys_global_symbol_to_import=
lt_cv_sys_max_cmd_len=1572864
lt_cv_to_host_file_cmd=func_convert_file_noop
lt_cv_to_tool_file_cmd=func_convert_file_noop
lt_cv_truncate_bin='/bin/dd bs=4096 count=1'

## ----------------- ##
## Output variables. ##
## ----------------- ##

ACLOCAL='${SHELL} '\''/home/nyan1/scidx/missing'\'' aclocal-1.16'
AMDEPBACKSLASH='\'
AMDEP_FALSE='#'
AMDEP_TRUE=''
AMTAR='$${TAR-tar}'
AM_BACKSLASH='\'
AM_DEFAULT_V='$(AM_DEFAULT_VERBOSITY)'
AM_DEFAULT_VERBOSITY='1'
AM_V='$(V)'
AR='ar'
AUTOCONF='${SHELL} '\''/home/nyan1/scidx/missing'\'' autoconf'
AUTOHEADER='${SHELL} '\''/home/nyan1/scidx/missing'\'' autoheader'
AUTOMAKE='${SHELL} '\''/home/nyan1/scidx/missing'\'' automake-1.16'
AWK='gawk'
CC='gcc'
CCDEPMODE='depmode=gcc3'
CFLAGS='-O3 -std=c99 -Wall'
CPPFLAGS='-I/home/nyan1/libgd/include'
CSCOPE='cscope'
CTAGS='ctags'
CXX='g++'
CXXCPP='g++ -E'
CXXDEPMODE='depmode=gcc3'
CXXFLAGS='-g -O2'
CYGPATH_W='echo'
DEFS='-DHAVE_CONFIG_H'
DEPDIR='.deps'
DLLTOOL='false'
DSYMUTIL=''
DUMPBIN=''
ECHO_C=''
ECHO_N='-n'
ECHO_T=''
EGREP='/bin/grep -E'
ETAGS='etags'
EXEEXT=''
FC=''
FCFLAGS=''
FGREP='/bin/grep -F'
FORTRAN_FALSE=''
FORTRAN_TRUE='#'
GREP='/bin/grep'
INSTALL_DATA='${INSTALL} -m 644'
INSTALL_PROGRAM='${INSTALL}'
INSTALL_SCRIPT='${INSTALL}'
INSTALL_STRIP_PROGRAM='$(install_sh) -c -s'
LD='/bin/ld -m elf_x86_64'
LDFLAGS='-L/home/nyan1/libgd/lib -lgd'
LIBOBJS=''
LIBS=''
LIBTOOL='$(SHELL) $(top_builddir)/libtool'
LIPO=''
LN_S='ln -s'
LTLIBOBJS=''
LT_SYS_LIBRARY_PATH=''
MAINT='#'
MAINTAINER_MODE_FALSE=''
MAINTAINER_MODE_TRUE='#'
MAKEINFO='${SHELL} '\''/home/nyan1/scidx/missing'\'' makeinfo'
MANIFEST_TOOL=':'
MKDIR_P='/bin/mkdir -p'
NM='/bin/nm -B'
NMEDIT=''
OBJDUMP='objdump'
OBJEXT='o'
OPENMP_FALSE=''
OPENMP_FLAGS=''
OPENMP_TRUE='#'
OTOOL64=''
OTOOL=''
PACKAGE='scidx'
PACKAGE_BUGREPORT='sdi1@anl.gov'
PACKAGE_NAME='scidx'
PACKAGE_STRING='scidx 1.0.0'
PACKAGE_TARNAME='scidx'
PACKAGE_URL=''
PACKAGE_VERSION='1.0.0'
PATH_SEPARATOR=':'
RANLIB='ranlib'
SED='/bin/sed'
SET_MAKE=''
SHELL='/bin/bash'
STRIP='strip'
VERSION='1.0.0'
ac_ct_AR='ar'
ac_ct_CC='gcc'
ac_ct_CXX='g++'
ac_ct_DUMPBIN=''
ac_ct_FC=''
am__EXEEXT_FALSE=''
am__EXEEXT_TRUE='#'
am__fastdepCC_FALSE='#'
am__fastdepCC_TRUE=''
am__fastdepCXX_FALSE='#'
am__fastdepCXX_TRUE=''
am__include='include'
am__isrc=''
am__leading_dot='.'
am__nodep='_no'
am__quote=''
am__tar='$${TAR-tar} chof - "$$tardir"'
am__untar='$${TAR-tar} xf -'
bindir='${exec_prefix}/bin'
build='x86_64-pc-linux-gnu'
build_alias=''
build_cpu='x86_64'
build_os='linux-gnu'
build_vendor='pc'
datadir='${datarootdir}'
datarootdir='${prefix}/share'
docdir='${datarootdir}/doc/${PACKAGE_TARNAME}'
dvidir='${docdir}'
exec_prefix='${prefix}'
host='x86_64-pc-linux-gnu'
host_alias=''
host_cpu='x86_64'
host_os='linux-gnu'
host_vendor='pc'
htmldir='${docdir}'
includedir='${prefix}/include'
infodir='${datarootdir}/info'
install_sh='${SHELL} /home/nyan1/scidx/install-sh'
libdir='${exec_prefix}/lib'
libexecdir='${exec_prefix}/libexec'
localedir='${datarootdir}/locale'
localstatedir='${prefix}/var'
mandir='${datarootdir}/man'
mkdir_p='$(MKDIR_P)'
oldincludedir='/usr/include'
pdfdir='${docdir}'
prefix='/usr/local'
program_transform_name='s,x,x,'
psdir='${docdir}'
runstatedir='${localstatedir}/run'
sbindir='${exec_prefix}/sbin'
sharedstatedir='${prefix}/com'
sysconfdir='${prefix}/etc'
target_alias=''

## ----------- ##
## confdefs.h. ##
## ----------- ##

/* confdefs.h */
#define PACKAGE_NAME "scidx"
#define PACKAGE_TARNAME "scidx"
#define PACKAGE_VERSION "1.0.0"
#define PACKAGE_STRING "scidx 1.0.0"
#define PACKAGE_BUGREPORT "sdi1@anl.gov"
#define PACKAGE_URL ""
#define PACKAGE "scidx"
#define VERSION "1.0.0"
#define HAVE_STDIO_H 1
#define HAVE_STDLIB_H 1
#define HAVE_STRING_H 1
#define HAVE_INTTYPES_H 1
#define HAVE_STDINT_H 1
#define HAVE_STRINGS_H 1
#define HAVE_SYS_STAT_H 1
#define HAVE_SYS_TYPES_H 1
#define HAVE_UNISTD_H 1
#define STDC_HEADERS 1
#define HAVE_DLFCN_H 1
#define LT_OBJDIR ".libs/"
#define HAVE_FCNTL_H 1
#define HAVE_LIMITS_H 1
#define HAVE_MALLOC_H 1
#define HAVE_STDDEF_H 1
#define HAVE_STDLIB_H 1
#define HAVE_STRING_H 1
#define HAVE_SYS_TIME_H 1
#define HAVE_UNISTD_H 1
#define HAVE_PTRDIFF_T 1
#define HAVE_MALLOC 1
#define HAVE_REALLOC 1
#define HAVE_MEMCHR 1
#define HAVE_MEMSET 1
#define HAVE_STRCHR 1
#define HAVE_STRTOL 1

configure: exit 0
